// Jest Snapshot v1, https://goo.gl/fbAQLP

exports[`NotFoundPage.styles Container DEVE ser igual ao snapshot 1`] = `
.c0 {
  flex-grow: 1;
  display: flex;
  justify-content: center;
  align-items: center;
  width: 100%;
  height: calc(100vh - 116px);
}

<div>
  <div
    class="c0"
  />
</div>
`;

exports[`NotFoundPage.styles Image DEVE ser igual ao snapshot 1`] = `
.c0 {
  display: flex;
  width: 377px;
  height: 377px;
  box-sizing: border-box;
}

.c1 {
  pointer-events: auto;
  cursor: default;
  transform: rotate(0deg);
}

<div>
  <div
    class="c0 "
    data-testid="container-image"
  >
    <img
      class="c1"
      data-testid="img"
      src="test-file-stub"
    />
  </div>
</div>
`;
