// Jest Snapshot v1, https://goo.gl/fbAQLP

exports[`Image.styles ContainerImage DEVE ser igual ao snapshot QUANDO apenas altura é fornecida como string 1`] = `<div />`;

exports[`Image.styles ContainerImage DEVE ser igual ao snapshot QUANDO apenas largura é fornecida como string 1`] = `<div />`;

exports[`Image.styles ContainerImage DEVE ser igual ao snapshot QUANDO largura e altura são fornecidas como strings 1`] = `<div />`;

exports[`Image.styles ImageStyled DEVE ser igual ao snapshot 1`] = `<div />`;

exports[`Image.styles ImageStyled DEVE ser igual ao snapshot QUANDO a inclinacao 45 1`] = `<div />`;

exports[`Image.styles ImageStyled DEVE ser igual ao snapshot QUANDO o cursor for default 1`] = `<div />`;

exports[`Image.styles ImageStyled DEVE ser igual ao snapshot QUANDO o cursor for pointer 1`] = `<div />`;

exports[`Image.styles ImageStyled DEVE ser igual ao snapshot QUANDO o spinner for true e a velocidadeSpinner for 2 1`] = `<div />`;

exports[`Image.styles Svg DEVE ser igual ao snapshot 1`] = `<div />`;

exports[`Image.styles Svg DEVE ser igual ao snapshot QUANDO a cor for fornecida 1`] = `<div />`;

exports[`Image.styles Svg DEVE ser igual ao snapshot QUANDO a inclinacao 45 1`] = `<div />`;

exports[`Image.styles Svg DEVE ser igual ao snapshot QUANDO o cursor for default 1`] = `<div />`;

exports[`Image.styles Svg DEVE ser igual ao snapshot QUANDO o cursor for pointer 1`] = `<div />`;

exports[`Image.styles Svg DEVE ser igual ao snapshot QUANDO o spinner for true e a velocidadeSpinner for 2 1`] = `<div />`;
